GridBuilderMap 8
chunkSize 16
activeLayer 0
mapColors 2
mapColor "color-1" 235 20 20 255
mapColor "color-2" 195 225 25 255
edgeColorAssignments 12
edgeColorAssignment "Button Left" "color-1"
edgeColorAssignment "ButtonRight" "color-1"
edgeColorAssignment "Door trapped" "color-1"
edgeColorAssignment "Gate" "color-1"
edgeColorAssignment "Keyhole" "color-1"
edgeColorAssignment "Lever left" "color-1"
edgeColorAssignment "Lever right" "color-1"
edgeColorAssignment "Locked Door" "color-1"
edgeColorAssignment "Niche left" "color-1"
edgeColorAssignment "Niche right" "color-1"
edgeColorAssignment "Open Door" "color-1"
edgeColorAssignment "Wall" "color-2"
miscColorAssignments 3
miscColorAssignment "Stairs_down" "color-1"
miscColorAssignment "Stairs_up" "color-1"
miscColorAssignment "note" "color-1"
cell 0 9 -11 "" "" "Wall" "" "" "" "color-2" "" "" "" ""
cell 0 7 -10 "" "" "Wall" "" "" "" "color-2" "" "" "" ""
cell 0 8 -10 "" "Wall" "Wall" "" "" "color-2" "color-2" "" "" "" ""
cell 0 9 -10 "Wall" "Wall" "" "Wall" "color-2" "color-2" "" "color-2" "" "" "Fountain Head"
cell 0 10 -10 "" "" "" "Wall" "" "" "" "color-2" "" "" ""
cell 0 6 -9 "" "Wall" "" "" "" "color-2" "" "" "" "" ""
cell 0 7 -9 "Wall" "" "" "Wall" "color-2" "" "" "color-2" "" "" "Stärketrank 100 Gold
"
cell 0 8 -9 "Wall" "" "" "" "color-2" "" "" "" "" "" ""
cell 0 6 -8 "" "Wall" "Wall" "" "" "color-2" "color-2" "" "" "" ""
cell 0 7 -8 "" "" "" "Wall" "" "" "" "color-2" "" "" ""
cell 0 5 -7 "" "Wall" "" "" "" "color-2" "" "" "" "" ""
cell 0 6 -7 "Wall" "" "" "Wall" "color-2" "" "" "color-2" "" "" ""
cell 0 5 -6 "" "Wall" "" "" "" "color-2" "" "" "" "" ""
cell 0 6 -6 "" "" "" "Wall" "" "" "" "color-2" "" "" ""
cell 0 5 -5 "" "Wall" "" "" "" "color-2" "" "" "" "" ""
cell 0 6 -5 "" "" "" "Wall" "" "" "" "color-2" "" "" ""
cell 0 10 -18 "" "" "Wall" "" "" "" "color-2" "" "" "" ""
cell 0 10 -17 "Wall" "" "" "" "color-2" "" "" "" "" "" ""
