GridBuilderMap 8
chunkSize 16
activeLayer 0
mapColors 2
mapColor "color-1" 255 255 255 255
mapColor "color-2" 233 22 22 255
edgeColorAssignments 12
edgeColorAssignment "Button Left" "color-1"
edgeColorAssignment "ButtonRight" "color-1"
edgeColorAssignment "Door trapped" "color-1"
edgeColorAssignment "Gate" "color-1"
edgeColorAssignment "Keyhole" "color-1"
edgeColorAssignment "Lever left" "color-1"
edgeColorAssignment "Lever right" "color-1"
edgeColorAssignment "Locked Door" "color-1"
edgeColorAssignment "Niche left" "color-1"
edgeColorAssignment "Niche right" "color-1"
edgeColorAssignment "Open Door" "color-1"
edgeColorAssignment "Wall" "color-1"
miscColorAssignments 3
miscColorAssignment "Stairs_down" "color-1"
miscColorAssignment "Stairs_up" "color-1"
miscColorAssignment "note" "color-2"
cell 0 8 -1 "" "" "Wall" "" "" "" "color-1" "" "" "" ""
cell 0 7 0 "" "Wall" "" "" "" "color-1" "" "" "" "" ""
cell 0 8 0 "Wall" "Wall" "" "Wall" "color-1" "color-1" "" "color-1" "Stairs_up" "color-1" ""
cell 0 9 0 "" "" "" "Wall" "" "" "" "color-1" "" "" ""
cell 0 8 1 "" "Wall" "" "" "" "color-1" "" "" "" "" ""
cell 0 9 1 "" "" "Wall" "Wall" "" "" "color-1" "color-1" "" "" ""
cell 0 7 2 "" "Wall" "Wall" "" "" "color-1" "color-1" "" "" "" ""
cell 0 8 2 "" "" "" "Wall" "" "" "" "color-1" "" "" ""
cell 0 9 2 "Wall" "" "Wall" "" "color-1" "" "color-1" "" "" "" ""
cell 0 5 3 "" "Wall" "" "" "" "color-1" "" "" "" "" ""
cell 0 6 3 "" "" "" "Wall" "" "" "" "color-1" "" "" ""
cell 0 7 3 "Wall" "" "" "" "color-1" "" "" "" "" "" ""
cell 0 8 3 "" "Wall" "" "" "" "color-1" "" "" "" "" ""
cell 0 9 3 "Wall" "" "" "Wall" "color-1" "" "" "color-1" "" "" ""
cell 0 5 4 "" "Niche left" "" "" "" "color-1" "" "" "" "" ""
cell 0 6 4 "" "" "" "Niche left" "" "" "" "color-1" "" "" ""
cell 0 8 4 "" "Niche right" "" "" "" "color-1" "" "" "" "" ""
cell 0 9 4 "" "" "" "Niche right" "" "" "" "color-1" "" "" ""
cell 0 5 5 "" "Wall" "" "" "" "color-1" "" "" "" "" ""
cell 0 6 5 "" "" "" "Wall" "" "" "" "color-1" "" "" ""
cell 0 8 5 "" "Wall" "" "" "" "color-1" "" "" "" "" ""
cell 0 9 5 "" "" "" "Wall" "" "" "" "color-1" "" "" ""
cell 0 5 6 "" "Niche left" "" "" "" "color-1" "" "" "" "" ""
cell 0 6 6 "" "" "" "Niche left" "" "" "" "color-1" "" "" "Öffne mich zuerst
"
cell 0 8 6 "" "Niche right" "" "" "" "color-1" "" "" "" "" "Öffne mich als zweites"
cell 0 9 6 "" "" "" "Niche right" "" "" "" "color-1" "" "" ""
cell 0 5 7 "" "Wall" "" "" "" "color-1" "" "" "" "" ""
cell 0 6 7 "" "" "" "Wall" "" "" "" "color-1" "" "" ""
cell 0 8 7 "" "Wall" "" "" "" "color-1" "" "" "" "" ""
cell 0 9 7 "" "" "" "Wall" "" "" "" "color-1" "" "" ""
cell 0 5 8 "" "Niche left" "" "" "" "color-1" "" "" "" "" ""
cell 0 6 8 "" "" "" "Niche left" "" "" "" "color-1" "" "" ""
cell 0 7 8 "" "" "Wall" "" "" "" "color-1" "" "" "" ""
cell 0 8 8 "" "Niche right" "" "" "" "color-1" "" "" "" "" ""
cell 0 9 8 "" "" "" "Niche right" "" "" "" "color-1" "" "" ""
cell 0 10 8 "" "" "Locked Door" "" "" "" "color-1" "" "" "" ""
cell 0 11 8 "" "" "Wall" "" "" "" "color-1" "" "" "" ""
cell 0 5 9 "" "Wall" "" "" "" "color-1" "" "" "" "" ""
cell 0 6 9 "" "Open Door" "Wall" "Wall" "" "color-1" "color-1" "color-1" "" "" ""
cell 0 7 9 "Wall" "Open Door" "" "Open Door" "color-1" "color-1" "" "color-1" "" "" ""
cell 0 8 9 "" "Wall" "Wall" "Open Door" "" "color-1" "color-1" "color-1" "" "" ""
cell 0 9 9 "" "Wall" "Wall" "Wall" "" "color-1" "color-1" "color-1" "" "" ""
cell 0 10 9 "Locked Door" "" "" "Wall" "color-1" "" "" "color-1" "" "" ""
cell 0 11 9 "Wall" "Wall" "" "" "color-1" "color-1" "" "" "" "" ""
cell 0 12 9 "" "" "" "Wall" "" "" "" "color-1" "" "" ""
cell 0 6 10 "Wall" "" "" "" "color-1" "" "" "" "" "" ""
cell 0 8 10 "Wall" "" "" "" "color-1" "" "" "" "" "" ""
cell 0 9 10 "Wall" "" "" "" "color-1" "" "" "" "" "" ""
cell 0 11 10 "" "Locked Door" "" "" "" "color-1" "" "" "" "" ""
cell 0 12 10 "" "" "" "Locked Door" "" "" "" "color-1" "" "" ""
cell 0 6 11 "" "" "Wall" "" "" "" "color-1" "" "" "" ""
cell 0 7 11 "" "" "Gate" "" "" "" "color-1" "" "" "" ""
cell 0 8 11 "" "" "Wall" "" "" "" "color-1" "" "" "" ""
cell 0 9 11 "" "" "Wall" "" "" "" "color-1" "" "" "" ""
cell 0 10 11 "" "" "Locked Door" "" "" "" "color-1" "" "" "" ""
cell 0 11 11 "" "Wall" "Wall" "" "" "color-1" "color-1" "" "" "" ""
cell 0 12 11 "" "" "" "Wall" "" "" "" "color-1" "" "" ""
cell 0 6 12 "Wall" "" "" "" "color-1" "" "" "" "" "" ""
cell 0 7 12 "Gate" "" "" "" "color-1" "" "" "" "" "" ""
cell 0 8 12 "Wall" "" "" "" "color-1" "" "" "" "" "" ""
cell 0 9 12 "Wall" "" "" "" "color-1" "" "" "" "" "" ""
cell 0 10 12 "Locked Door" "" "" "" "color-1" "" "" "" "" "" ""
cell 0 11 12 "Wall" "" "" "" "color-1" "" "" "" "" "" ""
cell 1 8 0 "" "" "" "" "" "" "" "" "Stairs_down" "color-1" ""
